// Jest Snapshot v1, https://goo.gl/fbAQLP

exports[`ResForm should match the snapshot 1`] = `
<form
  className="res-form"
>
  <input
    className="name-input"
    name="name"
    onChange={[Function]}
    placeholder="Name"
    type="text"
    value=""
  />
  <input
    className="date-input"
    name="date"
    onChange={[Function]}
    placeholder="Date (MM/DD)"
    type="text"
    value=""
  />
  <input
    className="time-input"
    name="time"
    onChange={[Function]}
    placeholder="Time"
    type="text"
    value=""
  />
  <input
    className="guests-input"
    name="guests"
    onChange={[Function]}
    placeholder="Number of guests"
    type="number"
    value={0}
  />
  <button
    onClick={[Function]}
  >
    Make Reservation
  </button>
</form>
`;
